// Jest Snapshot v1, https://goo.gl/fbAQLP

exports[`HttpClient HttpClient#request should call 'axios.request' 1`] = `
Object {
  "data": Object {
    "cancelToken": Object {},
    "data": undefined,
    "headers": Object {},
    "method": "GET",
    "params": Object {},
    "url": "/foo/:bar",
  },
  "headers": undefined,
  "status": undefined,
}
`;

exports[`HttpClient HttpClient#request should call 'errorInterceptor' on errors 1`] = `[HttpClientError: Http Error]`;

exports[`HttpClient HttpClient#request should call 'shouldRetry' on errors 1`] = `[HttpClientError: Http Error]`;

exports[`HttpClient HttpClient#request should throw Error on sync errors 1`] = `[TypeError: Expected "bar" to be a string]`;

exports[`HttpClient HttpClient#request should throw HttpClientError on http errors 1`] = `[HttpClientError: Http Error]`;
